
--- 2026-10-06T15:18:07.151Z debug
🪵  Writing logs to "D:\lop12-cf\.tmp-config-verify\.wrangler\logs\wrangler-2026-10-06_15-18-06_319.log"
---

--- 2026-10-06T15:18:07.150Z debug
local dev variables file not found at ".dev.vars". Continuing... For more details, refer to https://developers.cloudflare.com/workers/wrangler/system-environment-variables/
---

--- 2026-10-06T15:18:07.158Z debug
.env file not found at "D:\lop12-cf\.env.local". Continuing... For more details, refer to https://developers.cloudflare.com/workers/wrangler/system-environment-variables/
---

--- 2026-10-06T15:18:12.717Z debug
local dev variables file not found at ".dev.vars". Continuing... For more details, refer to https://developers.cloudflare.com/workers/wrangler/system-environment-variables/
---

--- 2026-10-06T15:18:12.717Z log
Using secrets defined in .env
---

--- 2026-10-06T15:18:12.718Z debug
.env file not found at "D:\lop12-cf\.env.local". Continuing... For more details, refer to https://developers.cloudflare.com/workers/wrangler/system-environment-variables/
---

--- 2026-10-06T15:18:15.491Z debug
local dev variables file not found at ".dev.vars". Continuing... For more details, refer to https://developers.cloudflare.com/workers/wrangler/system-environment-variables/
---

--- 2026-10-06T15:18:15.492Z log
Using secrets defined in .env
---

--- 2026-10-06T15:18:15.493Z debug
.env file not found at "D:\lop12-cf\.env.local". Continuing... For more details, refer to https://developers.cloudflare.com/workers/wrangler/system-environment-variables/
---
